Microchip MPLAB XC8 Compiler V2.46

Linker command line:

-W-3 \
  --edf=C:\Program Files\Microchip\xc8\v2.46\pic\dat\20240104201356_en.msgs \
  -cn -h+dist/default/production\LCD_Interface.X.production.sym \
  --cmf=dist/default/production\LCD_Interface.X.production.cmf -z -Q18F2620 \
  -oC:\Users\firao\AppData\Local\Temp\xcAsmgc.\driver_tmp_3.o \
  --defsym=__MPLAB_BUILD=1 --fixupoverflow=error \
  -Mdist/default/production/LCD_Interface.X.production.map \
  --md=C:\Users\firao\AppData\Local\Temp\xcAsmgc.\driver_tmp_0.dat -E1 \
  -ver=XC8 Compiler --acfsm=1493 -ACODE=00h-0FFFFh -ACONST=00h-0FFFFh \
  -ASMALLCONST=01000h-010FFhx240 -AMEDIUMCONST=01000h-0FFFFh \
  -ACOMRAM=01h-07Fh -AABS1=00h-0F7Fh -ABIGRAM=01h-0F7Fh \
  -ARAM=080h-0FFh,0100h-01FFhx14,0F00h-0F7Fh -ABANK0=080h-0FFh \
  -ABANK1=0100h-01FFh -ABANK2=0200h-02FFh -ABANK3=0300h-03FFh \
  -ABANK4=0400h-04FFh -ABANK5=0500h-05FFh -ABANK6=0600h-06FFh \
  -ABANK7=0700h-07FFh -ABANK8=0800h-08FFh -ABANK9=0900h-09FFh \
  -ABANK10=0A00h-0AFFh -ABANK11=0B00h-0BFFh -ABANK12=0C00h-0CFFh \
  -ABANK13=0D00h-0DFFh -ABANK14=0E00h-0EFFh -ABANK15=0F00h-0F7Fh \
  -ASFR=0F80h-0FFFh -ABIGSFR=0F80h-0FFFh -ACONFIG=0300000h-030000Dh \
  -AIDLOC=0200000h-0200007h -AEEDATA=0F00000h-0F003FFh -peeprom_data=EEDATA \
  -preset_vec=00h,intcode,sivt_hi,intcodelo,sivt_lo,powerup,init \
  -pramtop=01000h -psmallconst=SMALLCONST -pmediumconst=MEDIUMCONST \
  -pconst=CONST -AFARRAM=00h-00h \
  -prdata=COMRAM,nvrram=COMRAM,nvbit=COMRAM,rbss=COMRAM,rbit=COMRAM \
  -pfarbss=FARRAM,fardata=FARRAM,nvFARRAM=FARRAM \
  -pintsave_regs=BIGRAM,bigbss=BIGRAM,bigdata=BIGRAM -pbss=RAM \
  -pidata=CODE,irdata=CODE,ibigdata=CODE,ifardata=CODE -prparam=COMRAM \
  C:\Users\firao\AppData\Local\Temp\xcAsmgc.\driver_tmp_14.o \
  dist/default/production\LCD_Interface.X.production.o 

Object code version is 3.11

Machine type is 18F2620



                Name                               Link     Load   Length Selector   Space Scale
C:\Users\firao\AppData\Local\Temp\xcAsmgc.\driver_tmp_14.o
                init                                  0        0        4        0       0
dist/default/production\LCD_Interface.X.production.o
                smallconst                         1000     1000       3E      800       0
                text30                             3AE6     3AE6        A      81F       0
                text29                             3A66     3A66       38      81F       0
                text28                             3864     3864       4E      81F       0
                text27                             3138     3138      11E      81F       0
                text26                             393A     393A       42      81F       0
                text25                             2928     2928      276      81F       0
                text24                             2F84     2F84      1B4      81F       0
                text23                             2310     2310      39A      81F       0
                text22                             3608     3608       AA      81F       0
                text21                             335C     335C      104      81F       0
                text20                             1EE6     1EE6      42A      81F       0
                text19                             3A2E     3A2E       38      81F       0
                text18                             1A26     1A26      4C0      81F       0
                text17                             38B2     38B2       46      81F       0
                text16                             3256     3256      106      81F       0
                text15                             3460     3460       FE      81F       0
                text14                             2B9E     2B9E      212      81F       0
                text13                             37BE     37BE       56      81F       0
                text12                             3814     3814       50      81F       0
                text11                             3AF0     3AF0        2      81F       0
                text10                             355E     355E       AA      81F       0
                text9                              397C     397C       40      81F       0
                text8                              3758     3758       66      81F       0
                text7                              39BC     39BC       3A      81F       0
                text6                              103E     103E      9E8      81F       0
                text5                              3A9E     3A9E       26      81F       0
                text4                              36B2     36B2       A6      81F       0
                text3                              2DB0     2DB0      1D4      81F       0
                text2                              38F8     38F8       42      81F       0
                text1                              39F6     39F6       38      81F       0
                text0                              26AA     26AA      27E      81F       0
                cstackCOMRAM                          1        1       69        1       1
                cstackBANK0                          80       80       62       80       1
                bssBANK1                            100      100       50      100       1
                bssBANK0                             E2       E2        D       80       1
                cinit                              3AC4     3AC4       22      81F       0

TOTAL           Name                               Link     Load   Length     Space
        CLASS   CODE           
                init                                  0        0        4         0
                text30                             3AE6     3AE6        A         0
                text29                             3A66     3A66       38         0
                text28                             3864     3864       4E         0
                text27                             3138     3138      11E         0
                text26                             393A     393A       42         0
                text25                             2928     2928      276         0
                text24                             2F84     2F84      1B4         0
                text23                             2310     2310      39A         0
                text22                             3608     3608       AA         0
                text21                             335C     335C      104         0
                text20                             1EE6     1EE6      42A         0
                text19                             3A2E     3A2E       38         0
                text18                             1A26     1A26      4C0         0
                text17                             38B2     38B2       46         0
                text16                             3256     3256      106         0
                text15                             3460     3460       FE         0
                text14                             2B9E     2B9E      212         0
                text13                             37BE     37BE       56         0
                text12                             3814     3814       50         0
                text11                             3AF0     3AF0        2         0
                text10                             355E     355E       AA         0
                text9                              397C     397C       40         0
                text8                              3758     3758       66         0
                text7                              39BC     39BC       3A         0
                text6                              103E     103E      9E8         0
                text5                              3A9E     3A9E       26         0
                text4                              36B2     36B2       A6         0
                text3                              2DB0     2DB0      1D4         0
                text2                              38F8     38F8       42         0
                text1                              39F6     39F6       38         0
                text0                              26AA     26AA      27E         0
                cinit                              3AC4     3AC4       22         0

        CLASS   CONST          

        CLASS   SMALLCONST     
                smallconst                         1000     1000       3E         0

        CLASS   MEDIUMCONST    

        CLASS   COMRAM         
                cstackCOMRAM                          1        1       69         1

        CLASS   ABS1           

        CLASS   BIGRAM         

        CLASS   RAM            

        CLASS   BANK0          
                cstackBANK0                          80       80       62         1
                bssBANK0                             E2       E2        D         1

        CLASS   BANK1          
                bssBANK1                            100      100       50         1

        CLASS   BANK2          

        CLASS   BANK3          

        CLASS   BANK4          

        CLASS   BANK5          

        CLASS   BANK6          

        CLASS   BANK7          

        CLASS   BANK8          

        CLASS   BANK9          

        CLASS   BANK10         

        CLASS   BANK11         

        CLASS   BANK12         

        CLASS   BANK13         

        CLASS   BANK14         

        CLASS   BANK15         

        CLASS   SFR            

        CLASS   BIGSFR         

        CLASS   CONFIG         

        CLASS   IDLOC          

        CLASS   EEDATA         

        CLASS   FARRAM         

        CLASS   HEAP           

        CLASS   STACK          



SEGMENTS        Name                           Load    Length   Top    Selector   Space  Class

                reset_vec                      000000  000004  000004         0       0  CODE    
                cstackCOMRAM                   000001  000069  00006A         1       1  COMRAM  
                cstackBANK0                    000080  00006F  0000EF        80       1  BANK0   
                bssBANK1                       000100  000050  000150       100       1  BANK1   
                smallconst                     001000  00003E  00103E       800       0  SMALLCON
                text6                          00103E  002AB4  003AF2       81F       0  CODE    


UNUSED ADDRESS RANGES

        Name                Unused          Largest block    Delta
        BANK0            00EF-00FF             11
        BANK1            0150-01FF             B0
        BANK10           0A00-0AFF            100
        BANK11           0B00-0BFF            100
        BANK12           0C00-0CFF            100
        BANK13           0D00-0DFF            100
        BANK14           0E00-0EFF            100
        BANK15           0F00-0F7F             80
        BANK2            0200-02FF            100
        BANK3            0300-03FF            100
        BANK4            0400-04FF            100
        BANK5            0500-05FF            100
        BANK6            0600-06FF            100
        BANK7            0700-07FF            100
        BANK8            0800-08FF            100
        BANK9            0900-09FF            100
        BIGRAM           006A-007F             16
                         00EF-00FF             11
                         0150-0F7F            E30
        BIGSFR           0F80-0FFF             80
        CODE             0004-0FFF            FFC
                         3AF2-FFFF           C50E
        COMRAM           006A-007F             16
        CONFIG           300000-30000D              E
        CONST            0004-0FFF            FFC
                         3AF2-FFFF           C50E
        EEDATA           F00000-F003FF            400
        IDLOC            200000-200007              8
        MEDIUMCONST      3AF2-FFFF           C50E
        RAM              00EF-00FF             11
                         0150-0F7F            100
        SFR              0F80-0FFF             80
        SMALLCONST       3AF2-FFFF            100

                                  Symbol Table

?_ADC_Read                  cstackCOMRAM 0001
?___fladd                   cstackCOMRAM 0001
?___fldiv                   cstackCOMRAM 000F
?___flmul                   cstackCOMRAM 0028
?___flneg                   cstackCOMRAM 0001
?___flsub                   cstackCOMRAM 0041
?___fltol                   cstackCOMRAM 0001
?___fpclassifyf             cstackCOMRAM 0001
?___wmul                    cstackCOMRAM 0001
?___xxtofl                  cstackCOMRAM 0001
?_floorf                    cstackCOMRAM 0028
?_labs                      cstackCOMRAM 0001
?_read_prec_or_width        cstackCOMRAM 0007
?_sprintf                   cstackBANK0  00B2
?_vfprintf                  cstackBANK0  00AF
ADC_Read@channel            cstackCOMRAM 0005
Delay_ms@i                  cstackCOMRAM 0003
Delay_ms@j                  cstackCOMRAM 0005
Delay_ms@ms                 cstackCOMRAM 0001
Lcd_Cmd@cmd                 cstackCOMRAM 0009
Lcd_Out@column              cstackCOMRAM 000A
Lcd_Out@pos                 cstackCOMRAM 0010
Lcd_Out@row                 cstackCOMRAM 000F
Lcd_Out@text                cstackCOMRAM 000B
_ADCON0                     (abs)        0FC2
_ADCON1                     (abs)        0FC1
_ADCON2                     (abs)        0FC0
_ADC_Init                   text30       3AE6
_ADC_Read                   text29       3A66
_ADRESH                     (abs)        0FC4
_ADRESL                     (abs)        0FC3
_Delay_ms                   text28       3864
_GO_nDONE                   (abs)        7E11
_LATB0                      (abs)        7C50
_LATB1                      (abs)        7C51
_LATB2                      (abs)        7C52
_LATB3                      (abs)        7C53
_LATB4                      (abs)        7C54
_LATB5                      (abs)        7C55
_Lcd_Cmd                    text27       3138
_Lcd_Init                   text26       393A
_Lcd_Out                    text25       2928
_TRISB0                     (abs)        7C98
_TRISB1                     (abs)        7C99
_TRISB2                     (abs)        7C9A
_TRISB3                     (abs)        7C9B
_TRISB4                     (abs)        7C9C
_TRISB5                     (abs)        7C9D
__HRAM                      (abs)        0000
__H__absolute__             __absolute__ 0000
__Habs1                     abs1         0000
__Hbank0                    bank0        0000
__Hbank1                    bank1        0000
__Hbank10                   bank10       0000
__Hbank11                   bank11       0000
__Hbank12                   bank12       0000
__Hbank13                   bank13       0000
__Hbank14                   bank14       0000
__Hbank15                   bank15       0000
__Hbank2                    bank2        0000
__Hbank3                    bank3        0000
__Hbank4                    bank4        0000
__Hbank5                    bank5        0000
__Hbank6                    bank6        0000
__Hbank7                    bank7        0000
__Hbank8                    bank8        0000
__Hbank9                    bank9        0000
__Hbigbss                   bigbss       0000
__Hbigdata                  bigdata      0000
__Hbigram                   bigram       0000
__Hbigsfr                   bigsfr       0000
__Hbss                      bss          0000
__HbssBANK0                 bssBANK0     0000
__HbssBANK1                 bssBANK1     0000
__Hcinit                    cinit        0000
__Hclrtext                  clrtext      0000
__Hcomram                   comram       0000
__Hconfig                   config       0000
__Hconst                    const        0000
__HcstackBANK0              cstackBANK0  0000
__HcstackCOMRAM             cstackCOMRAM 0000
__Hdata                     data         0000
__Heeprom_data              eeprom_data  0000
__Hfarbss                   farbss       0000
__Hfardata                  fardata      0000
__Hheap                     heap         0000
__Hibigdata                 ibigdata     0000
__Hidata                    idata        0000
__Hidloc                    idloc        0000
__Hifardata                 ifardata     0000
__Hinit                     init         0004
__Hintcode                  intcode      0000
__Hintcode_body             intcode_body 0000
__Hintcodelo                intcodelo    0000
__Hintentry                 intentry     0000
__Hintret                   intret       0000
__Hintsave_regs             intsave_regs 0000
__Hirdata                   irdata       0000
__Hmediumconst              mediumconst  0000
__HnvFARRAM                 nvFARRAM     0000
__Hnvbit                    nvbit        0000
__Hnvrram                   nvrram       0000
__Hparam                    rparam       0000
__Hpowerup                  powerup      0000
__Hram                      ram          0000
__Hramtop                   ramtop       1000
__Hrbit                     rbit         0000
__Hrbss                     rbss         0000
__Hrdata                    rdata        0000
__Hreset_vec                reset_vec    0000
__Hrparam                   rparam       0000
__Hsfr                      sfr          0000
__Hsivt_hi                  sivt_hi      0000
__Hsivt_lo                  sivt_lo      0000
__Hsmallconst               smallconst   103E
__Hspace_0                  (abs)        3AF2
__Hspace_1                  (abs)        0150
__Hspace_2                  (abs)        0000
__Hspace_4                  (abs)        0000
__Hstack                    stack        0000
__Hstruct                   struct       0000
__Htemp                     temp         0000
__Htext                     text         0000
__Htext0                    text0        0000
__Htext1                    text1        0000
__Htext10                   text10       0000
__Htext11                   text11       0000
__Htext12                   text12       0000
__Htext13                   text13       0000
__Htext14                   text14       0000
__Htext15                   text15       0000
__Htext16                   text16       0000
__Htext17                   text17       0000
__Htext18                   text18       0000
__Htext19                   text19       0000
__Htext2                    text2        0000
__Htext20                   text20       0000
__Htext21                   text21       0000
__Htext22                   text22       0000
__Htext23                   text23       0000
__Htext24                   text24       0000
__Htext25                   text25       0000
__Htext26                   text26       0000
__Htext27                   text27       0000
__Htext28                   text28       0000
__Htext29                   text29       0000
__Htext3                    text3        0000
__Htext30                   text30       0000
__Htext4                    text4        0000
__Htext5                    text5        0000
__Htext6                    text6        0000
__Htext7                    text7        0000
__Htext8                    text8        0000
__Htext9                    text9        0000
__LRAM                      (abs)        0001
__L__absolute__             __absolute__ 0000
__Labs1                     abs1         0000
__Lbank0                    bank0        0000
__Lbank1                    bank1        0000
__Lbank10                   bank10       0000
__Lbank11                   bank11       0000
__Lbank12                   bank12       0000
__Lbank13                   bank13       0000
__Lbank14                   bank14       0000
__Lbank15                   bank15       0000
__Lbank2                    bank2        0000
__Lbank3                    bank3        0000
__Lbank4                    bank4        0000
__Lbank5                    bank5        0000
__Lbank6                    bank6        0000
__Lbank7                    bank7        0000
__Lbank8                    bank8        0000
__Lbank9                    bank9        0000
__Lbigbss                   bigbss       0000
__Lbigdata                  bigdata      0000
__Lbigram                   bigram       0000
__Lbigsfr                   bigsfr       0000
__Lbss                      bss          0000
__LbssBANK0                 bssBANK0     0000
__LbssBANK1                 bssBANK1     0000
__Lcinit                    cinit        0000
__Lclrtext                  clrtext      0000
__Lcomram                   comram       0000
__Lconfig                   config       0000
__Lconst                    const        0000
__LcstackBANK0              cstackBANK0  0000
__LcstackCOMRAM             cstackCOMRAM 0000
__Ldata                     data         0000
__Leeprom_data              eeprom_data  0000
__Lfarbss                   farbss       0000
__Lfardata                  fardata      0000
__Lheap                     heap         0000
__Libigdata                 ibigdata     0000
__Lidata                    idata        0000
__Lidloc                    idloc        0000
__Lifardata                 ifardata     0000
__Linit                     init         0000
__Lintcode                  intcode      0000
__Lintcode_body             intcode_body 0000
__Lintcodelo                intcodelo    0000
__Lintentry                 intentry     0000
__Lintret                   intret       0000
__Lintsave_regs             intsave_regs 0000
__Lirdata                   irdata       0000
__Lmediumconst              mediumconst  0000
__LnvFARRAM                 nvFARRAM     0000
__Lnvbit                    nvbit        0000
__Lnvrram                   nvrram       0000
__Lparam                    rparam       0000
__Lpowerup                  powerup      0000
__Lram                      ram          0000
__Lramtop                   ramtop       1000
__Lrbit                     rbit         0000
__Lrbss                     rbss         0000
__Lrdata                    rdata        0000
__Lreset_vec                reset_vec    0000
__Lrparam                   rparam       0000
__Lsfr                      sfr          0000
__Lsivt_hi                  sivt_hi      0000
__Lsivt_lo                  sivt_lo      0000
__Lsmallconst               smallconst   1000
__Lspace_0                  (abs)        0000
__Lspace_1                  (abs)        0000
__Lspace_2                  (abs)        0000
__Lspace_4                  (abs)        0000
__Lstack                    stack        0000
__Lstruct                   struct       0000
__Ltemp                     temp         0000
__Ltext                     text         0000
__Ltext0                    text0        0000
__Ltext1                    text1        0000
__Ltext10                   text10       0000
__Ltext11                   text11       0000
__Ltext12                   text12       0000
__Ltext13                   text13       0000
__Ltext14                   text14       0000
__Ltext15                   text15       0000
__Ltext16                   text16       0000
__Ltext17                   text17       0000
__Ltext18                   text18       0000
__Ltext19                   text19       0000
__Ltext2                    text2        0000
__Ltext20                   text20       0000
__Ltext21                   text21       0000
__Ltext22                   text22       0000
__Ltext23                   text23       0000
__Ltext24                   text24       0000
__Ltext25                   text25       0000
__Ltext26                   text26       0000
__Ltext27                   text27       0000
__Ltext28                   text28       0000
__Ltext29                   text29       0000
__Ltext3                    text3        0000
__Ltext30                   text30       0000
__Ltext4                    text4        0000
__Ltext5                    text5        0000
__Ltext6                    text6        0000
__Ltext7                    text7        0000
__Ltext8                    text8        0000
__Ltext9                    text9        0000
__S0                        (abs)        3AF2
__S1                        (abs)        0150
__S4                        (abs)        0000
__S5                        (abs)        0000
___fladd                    text18       1A26
___fladd@a                  cstackCOMRAM 0005
___fladd@aexp               cstackCOMRAM 000E
___fladd@b                  cstackCOMRAM 0001
___fladd@bexp               cstackCOMRAM 000F
___fladd@grs                cstackCOMRAM 0010
___fladd@signs              cstackCOMRAM 000D
___fldiv                    text23       2310
___fldiv@a                  cstackCOMRAM 0013
___fldiv@aexp               cstackCOMRAM 0027
___fldiv@b                  cstackCOMRAM 000F
___fldiv@bexp               cstackCOMRAM 0026
___fldiv@grs                cstackCOMRAM 0022
___fldiv@new_exp            cstackCOMRAM 0020
___fldiv@rem                cstackCOMRAM 001B
___fldiv@sign               cstackCOMRAM 001F
___fleq                     text22       3608
___fleq@ff1                 cstackCOMRAM 0001
___fleq@ff2                 cstackCOMRAM 0005
___flge                     text21       335C
___flge@ff1                 cstackCOMRAM 0041
___flge@ff2                 cstackCOMRAM 0045
___flmul                    text20       1EE6
___flmul@a                  cstackCOMRAM 002C
___flmul@aexp               cstackCOMRAM 0035
___flmul@b                  cstackCOMRAM 0028
___flmul@bexp               cstackCOMRAM 003A
___flmul@grs                cstackCOMRAM 0036
___flmul@prod               cstackCOMRAM 003B
___flmul@sign               cstackCOMRAM 0034
___flmul@temp               cstackCOMRAM 003F
___flneg                    text19       3A2E
___flneg@f1                 cstackCOMRAM 0001
___flsub                    text17       38B2
___flsub@a                  cstackCOMRAM 0045
___flsub@b                  cstackCOMRAM 0041
___fltol                    text16       3256
___fltol@exp1               cstackCOMRAM 000A
___fltol@f1                 cstackCOMRAM 0001
___fltol@sign1              cstackCOMRAM 0009
___fpclassifyf              text15       3460
___fpclassifyf@F465         bssBANK0     00E6
___fpclassifyf@e            cstackCOMRAM 0009
___fpclassifyf@u            cstackCOMRAM 000B
___fpclassifyf@x            cstackCOMRAM 0001
___heap_hi                  (abs)        0000
___heap_lo                  (abs)        0000
___inthi_sp                 stack        0000
___inthi_stack_hi           stack        0000
___inthi_stack_lo           stack        0000
___intlo_sp                 stack        0000
___intlo_stack_hi           stack        0000
___intlo_stack_lo           stack        0000
___param_bank               (abs)        0000
___rparam_used              (abs)        0001
___sp                       stack        0000
___stack_hi                 stack        0000
___stack_lo                 stack        0000
___wmul                     text5        3A9E
___wmul@multiplicand        cstackCOMRAM 0003
___wmul@multiplier          cstackCOMRAM 0001
___wmul@product             cstackCOMRAM 0005
___xxtofl                   text24       2F84
___xxtofl@arg               cstackCOMRAM 000B
___xxtofl@exp               cstackCOMRAM 000A
___xxtofl@sign              cstackCOMRAM 0009
___xxtofl@val               cstackCOMRAM 0001
__accesstop                 (abs)        0080
__activetblptr              (abs)        0002
__end_of_ADC_Init           text30       3AF0
__end_of_ADC_Read           text29       3A9E
__end_of_Delay_ms           text28       38B2
__end_of_Lcd_Cmd            text27       3256
__end_of_Lcd_Init           text26       397C
__end_of_Lcd_Out            text25       2B9E
__end_of___fladd            text18       1EE6
__end_of___fldiv            text23       26AA
__end_of___fleq             text22       36B2
__end_of___flge             text21       3460
__end_of___flmul            text20       2310
__end_of___flneg            text19       3A66
__end_of___flsub            text17       38F8
__end_of___fltol            text16       335C
__end_of___fpclassifyf      text15       355E
__end_of___wmul             text5        3AC4
__end_of___xxtofl           text24       3138
__end_of__initialization    cinit        3ADC
__end_of_efgtoa             text6        1A26
__end_of_floorf             text14       2DB0
__end_of_fputc              text10       3608
__end_of_fputs              text9        39BC
__end_of_labs               text13       3814
__end_of_main               text0        2928
__end_of_memcpy             text12       3864
__end_of_pad                text8        37BE
__end_of_putch              text11       3AF2
__end_of_read_prec_or_width text4        3758
__end_of_sprintf            text1        3A2E
__end_of_strcpy             text7        39F6
__end_of_vfpfcnvrt          text3        2F84
__end_of_vfprintf           text2        393A
__initialization            cinit        3AC4
__mediumconst               mediumconst  0000
__pbssBANK0                 bssBANK0     00E2
__pbssBANK1                 bssBANK1     0100
__pcinit                    cinit        3AC4
__pcstackBANK0              cstackBANK0  0080
__pcstackCOMRAM             cstackCOMRAM 0001
__psmallconst               smallconst   1000
__ptext0                    text0        26AA
__ptext1                    text1        39F6
__ptext10                   text10       355E
__ptext11                   text11       3AF0
__ptext12                   text12       3814
__ptext13                   text13       37BE
__ptext14                   text14       2B9E
__ptext15                   text15       3460
__ptext16                   text16       3256
__ptext17                   text17       38B2
__ptext18                   text18       1A26
__ptext19                   text19       3A2E
__ptext2                    text2        38F8
__ptext20                   text20       1EE6
__ptext21                   text21       335C
__ptext22                   text22       3608
__ptext23                   text23       2310
__ptext24                   text24       2F84
__ptext25                   text25       2928
__ptext26                   text26       393A
__ptext27                   text27       3138
__ptext28                   text28       3864
__ptext29                   text29       3A66
__ptext3                    text3        2DB0
__ptext30                   text30       3AE6
__ptext4                    text4        36B2
__ptext5                    text5        3A9E
__ptext6                    text6        103E
__ptext7                    text7        39BC
__ptext8                    text8        3758
__ptext9                    text9        397C
__ramtop                    ramtop       1000
__smallconst                smallconst   1000
_dbuf                       bssBANK1     0100
_efgtoa                     text6        103E
_efgtoa$677                 cstackBANK0  0086
_flags                      bssBANK0     00EE
_floorf                     text14       2B9E
_fputc                      text10       355E
_fputs                      text9        397C
_labs                       text13       37BE
_main                       text0        26AA
_main$968                   cstackBANK0  00D8
_memcpy                     text12       3814
_pad                        text8        3758
_prec                       bssBANK0     00EC
_putch                      text11       3AF0
_read_prec_or_width         text4        36B2
_sprintf                    text1        39F6
_strcpy                     text7        39BC
_vfpfcnvrt                  text3        2DB0
_vfprintf                   text2        38F8
_width                      bssBANK0     00EA
efgtoa@c                    cstackCOMRAM 0052
efgtoa@d                    cstackBANK0  008B
efgtoa@e                    cstackBANK0  008F
efgtoa@f                    cstackCOMRAM 004E
efgtoa@fp                   cstackCOMRAM 004D
efgtoa@g                    cstackBANK0  00A2
efgtoa@h                    cstackBANK0  0099
efgtoa@i                    cstackBANK0  0097
efgtoa@l                    cstackBANK0  009D
efgtoa@m                    cstackBANK0  008D
efgtoa@mode                 cstackBANK0  0089
efgtoa@n                    cstackBANK0  00A6
efgtoa@ne                   cstackBANK0  0080
efgtoa@nmode                cstackBANK0  008A
efgtoa@ou                   cstackBANK0  0093
efgtoa@p                    cstackBANK0  0082
efgtoa@pp                   cstackBANK0  0088
efgtoa@sign                 cstackBANK0  00A1
efgtoa@t                    cstackBANK0  0084
efgtoa@u                    cstackBANK0  00A8
efgtoa@w                    cstackBANK0  0091
end_of_initialization       cinit        3ADC
floorf@F521                 bssBANK0     00E2
floorf@e                    cstackCOMRAM 0036
floorf@m                    cstackCOMRAM 0032
floorf@u                    cstackCOMRAM 0038
floorf@x                    cstackCOMRAM 0028
fputc@c                     cstackCOMRAM 0001
fputc@fp                    cstackCOMRAM 0003
fputs@c                     cstackCOMRAM 000C
fputs@fp                    cstackCOMRAM 000B
fputs@i                     cstackCOMRAM 000D
fputs@s                     cstackCOMRAM 0009
intlevel0                   text         0000
intlevel1                   text         0000
intlevel2                   text         0000
intlevel3                   text         0000
isa$std                     (abs)        0001
isa$xinst                   (abs)        0000
labs@a                      cstackCOMRAM 0001
main@adcValue               cstackBANK0  00DC
main@tempStr                cstackBANK0  00B8
main@temperature            cstackBANK0  00DE
main@temperatureStatus      cstackBANK0  00C8
memcpy@d                    cstackCOMRAM 0008
memcpy@d1                   cstackCOMRAM 0001
memcpy@n                    cstackCOMRAM 0005
memcpy@s                    cstackCOMRAM 000A
memcpy@s1                   cstackCOMRAM 0003
memcpy@tmp                  cstackCOMRAM 0007
pad@buf                     cstackCOMRAM 0010
pad@fp                      cstackCOMRAM 000F
pad@i                       cstackCOMRAM 0015
pad@p                       cstackCOMRAM 0012
read_prec_or_width@ap       cstackCOMRAM 0008
read_prec_or_width@c        cstackCOMRAM 0009
read_prec_or_width@fmt      cstackCOMRAM 0007
read_prec_or_width@n        cstackCOMRAM 000A
sprintf@ap                  cstackCOMRAM 005D
sprintf@f                   cstackCOMRAM 005E
sprintf@fmt                 cstackBANK0  00B3
sprintf@s                   cstackBANK0  00B2
stackhi                     (abs)        0000
stacklo                     (abs)        0000
start                       init         0000
start_initialization        cinit        3AC4
strcpy@d                    cstackCOMRAM 0005
strcpy@dest                 cstackCOMRAM 0001
strcpy@src                  cstackCOMRAM 0003
vfpfcnvrt@ap                cstackBANK0  00AE
vfpfcnvrt@c                 cstackCOMRAM 005A
vfpfcnvrt@convarg           cstackCOMRAM 0056
vfpfcnvrt@cp                cstackCOMRAM 005B
vfpfcnvrt@fmt               cstackBANK0  00AD
vfpfcnvrt@fp                cstackBANK0  00AC
vfprintf@ap                 cstackBANK0  00B1
vfprintf@cfmt               cstackCOMRAM 005C
vfprintf@fmt                cstackBANK0  00B0
vfprintf@fp                 cstackBANK0  00AF


MODULE INFORMATION

Module		Function		Class		Link	Load	Size
C:\Program Files\Microchip\xc8\v2.46\pic\sources\c99\common\fltol.c
		___fltol       		CODE           	3256	0000	262

C:\Program Files\Microchip\xc8\v2.46\pic\sources\c99\common\fltol.c estimated size: 262

C:\Program Files\Microchip\xc8\v2.46\pic\sources\c99\common\floorf.c
		_floorf        		CODE           	2B9E	0000	530

C:\Program Files\Microchip\xc8\v2.46\pic\sources\c99\common\floorf.c estimated size: 530

C:\Program Files\Microchip\xc8\v2.46\pic\sources\c99\common\nf_fputc.c
		_fputc         		CODE           	355E	0000	170

C:\Program Files\Microchip\xc8\v2.46\pic\sources\c99\common\nf_fputc.c estimated size: 170

C:\Program Files\Microchip\xc8\v2.46\pic\sources\c99\common\xxtofl.c
		___xxtofl      		CODE           	2F84	0000	436

C:\Program Files\Microchip\xc8\v2.46\pic\sources\c99\common\xxtofl.c estimated size: 436

lcd_4x20.c
		_Lcd_Init      		CODE           	393A	0000	66
		_Lcd_Out       		CODE           	2928	0000	630
		_main          		CODE           	26AA	0000	638
		_Lcd_Cmd       		CODE           	3138	0000	286
		_Delay_ms      		CODE           	3864	0000	78
		_ADC_Read      		CODE           	3A66	0000	56
		_ADC_Init      		CODE           	3AE6	0000	10

lcd_4x20.c estimated size: 1764

C:\Program Files\Microchip\xc8\v2.46\pic\sources\c99\common\flneg.c
		___flneg       		CODE           	3A2E	0000	56

C:\Program Files\Microchip\xc8\v2.46\pic\sources\c99\common\flneg.c estimated size: 56

C:\Program Files\Microchip\xc8\v2.46\pic\sources\c99\common\__fpclassifyf.c
		___fpclassifyf 		CODE           	3460	0000	254

C:\Program Files\Microchip\xc8\v2.46\pic\sources\c99\common\__fpclassifyf.c estimated size: 254

C:\Program Files\Microchip\xc8\v2.46\pic\sources\c99\common\sprcmul.c
		___flmul       		CODE           	1EE6	0000	1066

C:\Program Files\Microchip\xc8\v2.46\pic\sources\c99\common\sprcmul.c estimated size: 1066

C:\Program Files\Microchip\xc8\v2.46\pic\sources\c99\common\strcpy.c
		_strcpy        		CODE           	39BC	0000	58

C:\Program Files\Microchip\xc8\v2.46\pic\sources\c99\common\strcpy.c estimated size: 58

C:\Program Files\Microchip\xc8\v2.46\pic\sources\c99\common\sprcdiv.c
		___fldiv       		CODE           	2310	0000	922

C:\Program Files\Microchip\xc8\v2.46\pic\sources\c99\common\sprcdiv.c estimated size: 922

C:\Program Files\Microchip\xc8\v2.46\pic\sources\c99\common\fleq.c
		___fleq        		CODE           	3608	0000	170

C:\Program Files\Microchip\xc8\v2.46\pic\sources\c99\common\fleq.c estimated size: 170

C:\Program Files\Microchip\xc8\v2.46\pic\sources\c99\common\doprnt.c
		_read_prec_or_width		CODE           	36B2	0000	166
		_vfpfcnvrt     		CODE           	2DB0	0000	468
		_efgtoa        		CODE           	103E	0000	2536
		_pad           		CODE           	3758	0000	102
		_vfprintf      		CODE           	38F8	0000	66

C:\Program Files\Microchip\xc8\v2.46\pic\sources\c99\common\doprnt.c estimated size: 3338

C:\Program Files\Microchip\xc8\v2.46\pic\sources\c99\common\nf_sprintf.c
		_sprintf       		CODE           	39F6	0000	56

C:\Program Files\Microchip\xc8\v2.46\pic\sources\c99\common\nf_sprintf.c estimated size: 56

shared
		__initialization		CODE           	3AC4	0000	24

shared estimated size: 24

C:\Program Files\Microchip\xc8\v2.46\pic\sources\c99\common\putch.c
		_putch         		CODE           	3AF0	0000	2

C:\Program Files\Microchip\xc8\v2.46\pic\sources\c99\common\putch.c estimated size: 2

C:\Program Files\Microchip\xc8\v2.46\pic\sources\c99\common\Umul16.c
		___wmul        		CODE           	3A9E	0000	38

C:\Program Files\Microchip\xc8\v2.46\pic\sources\c99\common\Umul16.c estimated size: 38

C:\Program Files\Microchip\xc8\v2.46\pic\sources\c99\common\nf_fputs.c
		_fputs         		CODE           	397C	0000	64

C:\Program Files\Microchip\xc8\v2.46\pic\sources\c99\common\nf_fputs.c estimated size: 64

C:\Program Files\Microchip\xc8\v2.46\pic\sources\c99\common\sprcadd.c
		___flsub       		CODE           	38B2	0000	70
		___fladd       		CODE           	1A26	0000	1216

C:\Program Files\Microchip\xc8\v2.46\pic\sources\c99\common\sprcadd.c estimated size: 1286

C:\Program Files\Microchip\xc8\v2.46\pic\sources\c99\common\memcpy.c
		_memcpy        		CODE           	3814	0000	80

C:\Program Files\Microchip\xc8\v2.46\pic\sources\c99\common\memcpy.c estimated size: 80

C:\Program Files\Microchip\xc8\v2.46\pic\sources\c99\common\labs.c
		_labs          		CODE           	37BE	0000	86

C:\Program Files\Microchip\xc8\v2.46\pic\sources\c99\common\labs.c estimated size: 86

C:\Program Files\Microchip\xc8\v2.46\pic\sources\c99\common\flge.c
		___flge        		CODE           	335C	0000	260

C:\Program Files\Microchip\xc8\v2.46\pic\sources\c99\common\flge.c estimated size: 260

